--- FASTAPI SSE STREAMING RUN [2026-09-26T09:33:20.864106+00:00] ---
Frame 1:
event: connect
data: {"status": "connected", "application_id": "TEST-STREAM-DEMO-001", "session_id": "SESSION-TEST-STREAM-DEMO-001-1790415200"}

Frame 2:
event: node_update
data: {"event": "node_update", "node": "input_guard", "timestamp": "2026-09-26T09:33:20.822977+00:00", "state_keys": ["application_id", "applicant_raw_text", "applicant_facts", "session_id", "intent", "clarification_needed", "clarification_question", "clarification_response", "request_status", "refusal_reason", "policy_selected", "policy_citations", "affordability", "risk_flags", "rule_evaluations", "ai_recommendation", "decision_status", "unable_reason", "human_review_required", "final_decision", "review_id", "rationale", "routing_history", "step_count"], "ai_recommendation": null, "decision_status": "N/A", "request_status": "IN_PROGRESS"}

Frame 3:
event: node_update
data: {"event": "node_update", "node": "authorization_node", "timestamp": "2026-09-26T09:33:20.827646+00:00", "state_keys": ["application_id", "applicant_raw_text", "applicant_facts", "session_id", "intent", "clarification_needed", "clarification_question", "clarification_response", "request_status", "refusal_reason", "policy_selected", "policy_citations", "affordability", "risk_flags", "rule_evaluations", "ai_recommendation", "decision_status", "unable_reason", "human_review_required", "final_decision", "review_id", "rationale", "routing_history", "step_count"], "ai_recommendation": null, "decision_status": "N/A", "request_status": "IN_PROGRESS"}

Frame 4:
event: node_update
data: {"event": "node_update", "node": "intent_classifier", "timestamp": "2026-09-26T09:33:20.831258+00:00", "state_keys": ["application_id", "applicant_raw_text", "applicant_facts", "session_id", "intent", "clarification_needed", "clarification_question", "clarification_response", "request_status", "refusal_reason", "policy_selected", "policy_citations", "affordability", "risk_flags", "rule_evaluations", "ai_recommendation", "decision_status", "unable_reason", "human_review_required", "final_decision", "review_id", "rationale", "routing_history", "step_count"], "ai_recommendation": null, "decision_status": "N/A", "request_status": "IN_PROGRESS"}

Frame 5:
event: node_update
data: {"event": "node_update", "node": "policy_agent", "timestamp": "2026-09-26T09:33:20.840935+00:00", "state_keys": ["application_id", "applicant_raw_text", "applicant_facts", "session_id", "intent", "clarification_needed", "clarification_question", "clarification_response", "request_status", "refusal_reason", "policy_selected", "policy_citations", "affordability", "risk_flags", "rule_evaluations", "ai_recommendation", "decision_status", "unable_reason", "human_review_required", "final_decision", "review_id", "rationale", "routing_history", "step_count"], "ai_recommendation": null, "decision_status": "N/A", "request_status": "IN_PROGRESS"}

Frame 6:
event: node_update
data: {"event": "node_update", "node": "eligibility_agent", "timestamp": "2026-09-26T09:33:20.847596+00:00", "state_keys": ["application_id", "applicant_raw_text", "applicant_facts", "session_id", "intent", "clarification_needed", "clarification_question", "clarification_response", "request_status", "refusal_reason", "policy_selected", "policy_citations", "affordability", "risk_flags", "rule_evaluations", "ai_recommendation", "decision_status", "unable_reason", "human_review_required", "final_decision", "review_id", "rationale", "routing_history", "step_count"], "ai_recommendation": null, "decision_status": "N/A", "request_status": "IN_PROGRESS"}

Frame 7:
event: node_update
data: {"event": "node_update", "node": "risk_agent", "timestamp": "2026-09-26T09:33:20.851363+00:00", "state_keys": ["application_id", "applicant_raw_text", "applicant_facts", "session_id", "intent", "clarification_needed", "clarification_question", "clarification_response", "request_status", "refusal_reason", "policy_selected", "policy_citations", "affordability", "risk_flags", "rule_evaluations", "ai_recommendation", "decision_status", "unable_reason", "human_review_required", "final_decision", "review_id", "rationale", "routing_history", "step_count"], "ai_recommendation": null, "decision_status": "N/A", "request_status": "IN_PROGRESS"}

Frame 8:
event: node_update
data: {"event": "node_update", "node": "decision_node", "timestamp": "2026-09-26T09:33:20.860789+00:00", "state_keys": ["application_id", "applicant_raw_text", "applicant_facts", "session_id", "intent", "clarification_needed", "clarification_question", "clarification_response", "request_status", "refusal_reason", "policy_selected", "policy_citations", "affordability", "risk_flags", "rule_evaluations", "ai_recommendation", "decision_status", "unable_reason", "human_review_required", "final_decision", "review_id", "rationale", "routing_history", "step_count"], "ai_recommendation": "APPROVE", "decision_status": "DETERMINED", "request_status": "COMPLETED"}

Frame 9:
event: stream_end
data: {"event": "stream_end"}

